K ███████████████ 15
L ███████████████ 15
M ████████████ 12
N ██████████ 10
O ███████████████ 15
P ██████████████████ 18
Q █████████████ 13
R ██████████████ 14
